// Jest Snapshot v1, https://goo.gl/fbAQLP

exports[`Themes spec Should render proper 1`] = `"<Themes channel={{...}} active={true} theme={{...}} />"`;
